faith@Ubuntu:~$ mkdir prac
faith@Ubuntu:~$ cd prac
faith@Ubuntu:~/prac$ sudo adduser staff1
[sudo] password for faith: 
info: Adding user `staff1' ...
info: Selecting UID/GID from range 1000 to 59999 ...
info: Adding new group `staff1' (1001) ...
info: Adding new user `staff1' (1001) with group `staff1 (1001)' ...
info: Creating home directory `/home/staff1' ...
info: Copying files from `/etc/skel' ...
New password: 
BAD PASSWORD: The password is shorter than 8 characters
Retype new password: 
passwd: password updated successfully
Changing the user information for staff1
Enter the new value, or press ENTER for the default
	Full Name []: staff1
	Room Number []: 1
	Work Phone []: 1
	Home Phone []: 1
	Other []: 1
Is the information correct? [Y/n] y
info: Adding new user `staff1' to supplemental / extra groups `users' ...
info: Adding user `staff1' to group `users' ...
faith@Ubuntu:~/prac$ sudo adduser staff2
info: Adding user `staff2' ...
info: Selecting UID/GID from range 1000 to 59999 ...
info: Adding new group `staff2' (1002) ...
info: Adding new user `staff2' (1002) with group `staff2 (1002)' ...
info: Creating home directory `/home/staff2' ...
info: Copying files from `/etc/skel' ...
New password: 
BAD PASSWORD: The password is shorter than 8 characters
Retype new password: 
passwd: password updated successfully
Changing the user information for staff2
Enter the new value, or press ENTER for the default
	Full Name []: staff2
	Room Number []: 2
	Work Phone []: 2
	Home Phone []: 2
	Other []: 2
Is the information correct? [Y/n] y
info: Adding new user `staff2' to supplemental / extra groups `users' ...
info: Adding user `staff2' to group `users' ...
faith@Ubuntu:~/prac$ sudo adduser staff3
info: Adding user `staff3' ...
info: Selecting UID/GID from range 1000 to 59999 ...
info: Adding new group `staff3' (1003) ...
info: Adding new user `staff3' (1003) with group `staff3 (1003)' ...
info: Creating home directory `/home/staff3' ...
info: Copying files from `/etc/skel' ...
New password: 
BAD PASSWORD: The password is shorter than 8 characters
Retype new password: 
passwd: password updated successfully
Changing the user information for staff3
Enter the new value, or press ENTER for the default
	Full Name []: staff3
	Room Number []: 3
	Work Phone []: 3
	Home Phone []: 3
	Other []: 3
Is the information correct? [Y/n] y
info: Adding new user `staff3' to supplemental / extra groups `users' ...
info: Adding user `staff3' to group `users' ...
faith@Ubuntu:~/prac$ sudo adduser admin1
info: Adding user `admin1' ...
info: Selecting UID/GID from range 1000 to 59999 ...
info: Adding new group `admin1' (1004) ...
info: Adding new user `admin1' (1004) with group `admin1 (1004)' ...
info: Creating home directory `/home/admin1' ...
info: Copying files from `/etc/skel' ...
New password: 
BAD PASSWORD: The password is shorter than 8 characters
Retype new password: 
passwd: password updated successfully
Changing the user information for admin1
Enter the new value, or press ENTER for the default
	Full Name []: administrator
	Room Number []: 4
	Work Phone []: 4
	Home Phone []: 4
	Other []: 4
Is the information correct? [Y/n] y
info: Adding new user `admin1' to supplemental / extra groups `users' ...
info: Adding user `admin1' to group `users' ...
faith@Ubuntu:~/prac$ sudo usermod -aG sudo admin1
faith@Ubuntu:~/prac$ getent passwd staff1 staff2 staff3 admin1
staff1:x:1001:1001:staff1,1,1,1,1:/home/staff1:/bin/bash
staff2:x:1002:1002:staff2,2,2,2,2:/home/staff2:/bin/bash
staff3:x:1003:1003:staff3,3,3,3,3:/home/staff3:/bin/bash
admin1:x:1004:1004:administrator,4,4,4,4:/home/admin1:/bin/bash
faith@Ubuntu:~/prac$ groups admin
groups: ‘admin’: no such user
faith@Ubuntu:~/prac$ groups admin1
admin1 : admin1 sudo users
faith@Ubuntu:~/prac$ mkdir -p backup
faith@Ubuntu:~/prac$ cd backup
faith@Ubuntu:~/prac/backup$ cd ..
faith@Ubuntu:~/prac$ sudo chown -R admin1:admin1 backup
faith@Ubuntu:~/prac$ sudo chmod -R 644 backup
faith@Ubuntu:~/prac$ su admin1
Password: 
To run a command as administrator (user "root"), use "sudo <command>".
See "man sudo_root" for details.

admin1@Ubuntu:/home/faith/prac$ df -h
Filesystem      Size  Used Avail Use% Mounted on
tmpfs           442M  1.6M  440M   1% /run
/dev/sda2        40G  6.2G   31G  17% /
tmpfs           2.2G     0  2.2G   0% /dev/shm
tmpfs           5.0M  8.0K  5.0M   1% /run/lock
tmpfs           442M  124K  442M   1% /run/user/1000
admin1@Ubuntu:/home/faith/prac$ df -h > backup/disk_usage.txt
bash: backup/disk_usage.txt: Permission denied
admin1@Ubuntu:/home/faith/prac$ sudo df -h > backup/disk_usage.txt
bash: backup/disk_usage.txt: Permission denied
admin1@Ubuntu:/home/faith/prac$ su faith
Password: 
faith@Ubuntu:~/prac$ sudo chmod -R 770 backup
faith@Ubuntu:~/prac$ su admin1
Password: 
To run a command as administrator (user "root"), use "sudo <command>".
See "man sudo_root" for details.

admin1@Ubuntu:/home/faith/prac$ sudo df -h > backup/disk_usage.txt
[sudo] password for admin1: 
admin1@Ubuntu:/home/faith/prac$ free -m
               total        used        free      shared  buff/cache   available
Mem:            4414        2110        1466          50        1111        2303
Swap:              0           0           0
admin1@Ubuntu:/home/faith/prac$ sudo free -m
               total        used        free      shared  buff/cache   available
Mem:            4414        2111        1466          50        1111        2303
Swap:              0           0           0
admin1@Ubuntu:/home/faith/prac$ sudo free -m > backup/memory_usage.txt
admin1@Ubuntu:/home/faith/prac$ sudo top -n 1 > backup/top_processess.txt
admin1@Ubuntu:/home/faith/prac$ ps aux > backup/ps_aux.txt
admin1@Ubuntu:/home/faith/prac$ ls backup
disk_usage.txt  memory_usage.txt  ps_aux.txt  top_processess.txt
admin1@Ubuntu:/home/faith/prac$ sudo apt update | tee backup/update_log.txt

WARNING: apt does not have a stable CLI interface. Use with caution in scripts.

Hit:1 http://ph.archive.ubuntu.com/ubuntu noble InRelease
Get:2 http://ph.archive.ubuntu.com/ubuntu noble-updates InRelease [126 kB]
Get:3 http://ph.archive.ubuntu.com/ubuntu noble-backports InRelease [126 kB]
Get:4 http://security.ubuntu.com/ubuntu noble-security InRelease [126 kB]
Get:5 http://ph.archive.ubuntu.com/ubuntu noble-updates/main amd64 Packages [1,490 kB]
Get:6 http://ph.archive.ubuntu.com/ubuntu noble-updates/main Translation-en [287 kB]
Get:7 http://ph.archive.ubuntu.com/ubuntu noble-updates/main amd64 Components [175 kB]
Get:8 http://ph.archive.ubuntu.com/ubuntu noble-updates/main amd64 c-n-f Metadata [15.3 kB]
Get:9 http://ph.archive.ubuntu.com/ubuntu noble-updates/restricted amd64 Packages [2,068 kB]
Get:10 http://security.ubuntu.com/ubuntu noble-security/main amd64 Packages [1,213 kB]
Get:11 http://ph.archive.ubuntu.com/ubuntu noble-updates/restricted Translation-en [467 kB]
Get:12 http://ph.archive.ubuntu.com/ubuntu noble-updates/restricted amd64 Components [212 B]
Get:13 http://ph.archive.ubuntu.com/ubuntu noble-updates/universe amd64 Packages [1,487 kB]
Get:14 http://ph.archive.ubuntu.com/ubuntu noble-updates/universe Translation-en [300 kB]
Get:15 http://ph.archive.ubuntu.com/ubuntu noble-updates/universe amd64 Components [378 kB]
Get:16 http://ph.archive.ubuntu.com/ubuntu noble-updates/universe amd64 c-n-f Metadata [31.1 kB]
Get:17 http://ph.archive.ubuntu.com/ubuntu noble-updates/multiverse Translation-en [6,116 B]
Get:18 http://ph.archive.ubuntu.com/ubuntu noble-updates/multiverse amd64 Components [940 B]
Get:19 http://ph.archive.ubuntu.com/ubuntu noble-backports/main amd64 Packages [40.4 kB]
Get:20 http://ph.archive.ubuntu.com/ubuntu noble-backports/main Translation-en [9,208 B]
Get:21 http://ph.archive.ubuntu.com/ubuntu noble-backports/main amd64 Components [7,156 B]
Get:22 http://ph.archive.ubuntu.com/ubuntu noble-backports/main Icons (48x48) [9,530 B]
Get:23 http://ph.archive.ubuntu.com/ubuntu noble-backports/main Icons (64x64) [11.2 kB]
Get:24 http://ph.archive.ubuntu.com/ubuntu noble-backports/main amd64 c-n-f Metadata [368 B]
Get:25 http://ph.archive.ubuntu.com/ubuntu noble-backports/restricted amd64 Components [216 B]
Get:26 http://ph.archive.ubuntu.com/ubuntu noble-backports/universe amd64 Packages [28.9 kB]
Get:27 http://ph.archive.ubuntu.com/ubuntu noble-backports/universe Translation-en [17.5 kB]
Get:28 http://ph.archive.ubuntu.com/ubuntu noble-backports/universe amd64 Components [11.0 kB]
Get:29 http://ph.archive.ubuntu.com/ubuntu noble-backports/universe Icons (48x48) [24.3 kB]
Get:30 http://ph.archive.ubuntu.com/ubuntu noble-backports/universe Icons (64x64) [33.4 kB]
Get:31 http://ph.archive.ubuntu.com/ubuntu noble-backports/universe amd64 c-n-f Metadata [1,444 B]
Get:32 http://ph.archive.ubuntu.com/ubuntu noble-backports/multiverse amd64 Components [212 B]
Get:33 http://security.ubuntu.com/ubuntu noble-security/main Translation-en [202 kB]
Get:34 http://security.ubuntu.com/ubuntu noble-security/main amd64 Components [21.5 kB]
Get:35 http://security.ubuntu.com/ubuntu noble-security/main amd64 c-n-f Metadata [8,748 B]
Get:36 http://security.ubuntu.com/ubuntu noble-security/restricted amd64 Packages [1,967 kB]
Get:37 http://security.ubuntu.com/ubuntu noble-security/restricted Translation-en [448 kB]
Get:38 http://security.ubuntu.com/ubuntu noble-security/restricted amd64 Components [212 B]
Get:39 http://security.ubuntu.com/ubuntu noble-security/universe amd64 Packages [882 kB]
Get:40 http://security.ubuntu.com/ubuntu noble-security/universe Translation-en [196 kB]
Get:41 http://security.ubuntu.com/ubuntu noble-security/universe amd64 Components [52.3 kB]
Get:42 http://security.ubuntu.com/ubuntu noble-security/universe amd64 c-n-f Metadata [18.1 kB]
Get:43 http://security.ubuntu.com/ubuntu noble-security/multiverse Translation-en [5,844 B]
Get:44 http://security.ubuntu.com/ubuntu noble-security/multiverse amd64 Components [212 B]
Fetched 12.3 MB in 9s (1,343 kB/s)
Reading package lists...
Building dependency tree...
Reading state information...
94 packages can be upgraded. Run 'apt list --upgradable' to see them.
admin1@Ubuntu:/home/faith/prac$ sudo apt list --upgradable
Listing... Done
bind9-dnsutils/noble-updates 1:9.18.39-0ubuntu0.24.04.1 amd64 [upgradable from: 1:9.18.30-0ubuntu0.24.04.2]
bind9-host/noble-updates 1:9.18.39-0ubuntu0.24.04.1 amd64 [upgradable from: 1:9.18.30-0ubuntu0.24.04.2]
bind9-libs/noble-updates 1:9.18.39-0ubuntu0.24.04.1 amd64 [upgradable from: 1:9.18.30-0ubuntu0.24.04.2]
bluez-cups/noble-updates 5.72-0ubuntu5.4 amd64 [upgradable from: 5.72-0ubuntu5.3]
bluez-obexd/noble-updates 5.72-0ubuntu5.4 amd64 [upgradable from: 5.72-0ubuntu5.3]
bluez/noble-updates 5.72-0ubuntu5.4 amd64 [upgradable from: 5.72-0ubuntu5.3]
cloud-init/noble-updates 25.2-0ubuntu1~24.04.1 all [upgradable from: 25.1.4-0ubuntu0~24.04.1]
coreutils/noble-updates 9.4-3ubuntu6.1 amd64 [upgradable from: 9.4-3ubuntu6]
dconf-cli/noble-updates 0.40.0-4ubuntu0.1 amd64 [upgradable from: 0.40.0-4build2]
dconf-gsettings-backend/noble-updates 0.40.0-4ubuntu0.1 amd64 [upgradable from: 0.40.0-4build2]
dconf-service/noble-updates 0.40.0-4ubuntu0.1 amd64 [upgradable from: 0.40.0-4build2]
dpkg/noble-updates,noble-security 1.22.6ubuntu6.5 amd64 [upgradable from: 1.22.6ubuntu6.1]
firmware-sof-signed/noble-updates 2023.12.1-1ubuntu1.10 all [upgradable from: 2023.12.1-1ubuntu1.7]
fwupd/noble-updates 1.9.31-0ubuntu1~24.04.1 amd64 [upgradable from: 1.9.30-0ubuntu1~24.04.1]
ghostscript/noble-updates,noble-security 10.02.1~dfsg1-0ubuntu7.8 amd64 [upgradable from: 10.02.1~dfsg1-0ubuntu7.7]
gir1.2-gtk-4.0/noble-updates 4.14.5+ds-0ubuntu0.5 amd64 [upgradable from: 4.14.5+ds-0ubuntu0.4]
gir1.2-nm-1.0/noble-updates 1.46.0-1ubuntu2.3 amd64 [upgradable from: 1.46.0-1ubuntu2.2]
gnome-shell-extension-desktop-icons-ng/noble-updates 46+really47.0.9-1ubuntu4 all [upgradable from: 46+really47.0.9-1ubuntu2]
libbluetooth3/noble-updates 5.72-0ubuntu5.4 amd64 [upgradable from: 5.72-0ubuntu5.3]
libc-bin/noble-updates,noble-security 2.39-0ubuntu8.6 amd64 [upgradable from: 2.39-0ubuntu8.5]
libc-dev-bin/noble-updates,noble-security 2.39-0ubuntu8.6 amd64 [upgradable from: 2.39-0ubuntu8.5]
libc-devtools/noble-updates,noble-security 2.39-0ubuntu8.6 amd64 [upgradable from: 2.39-0ubuntu8.5]
libc6-dbg/noble-updates,noble-security 2.39-0ubuntu8.6 amd64 [upgradable from: 2.39-0ubuntu8.5]
libc6-dev/noble-updates,noble-security 2.39-0ubuntu8.6 amd64 [upgradable from: 2.39-0ubuntu8.5]
libc6/noble-updates,noble-security 2.39-0ubuntu8.6 amd64 [upgradable from: 2.39-0ubuntu8.5]
libdconf1/noble-updates 0.40.0-4ubuntu0.1 amd64 [upgradable from: 0.40.0-4build2]
libegl-mesa0/noble-updates 25.0.7-0ubuntu0.24.04.2 amd64 [upgradable from: 25.0.7-0ubuntu0.24.04.1]
libfwupd2/noble-updates 1.9.31-0ubuntu1~24.04.1 amd64 [upgradable from: 1.9.30-0ubuntu1~24.04.1]
libgbm1/noble-updates 25.0.7-0ubuntu0.24.04.2 amd64 [upgradable from: 25.0.7-0ubuntu0.24.04.1]
libgl1-mesa-dri/noble-updates 25.0.7-0ubuntu0.24.04.2 amd64 [upgradable from: 25.0.7-0ubuntu0.24.04.1]
libglx-mesa0/noble-updates 25.0.7-0ubuntu0.24.04.2 amd64 [upgradable from: 25.0.7-0ubuntu0.24.04.1]
libgs-common/noble-updates,noble-security 10.02.1~dfsg1-0ubuntu7.8 all [upgradable from: 10.02.1~dfsg1-0ubuntu7.7]
libgs10-common/noble-updates,noble-security 10.02.1~dfsg1-0ubuntu7.8 all [upgradable from: 10.02.1~dfsg1-0ubuntu7.7]
libgs10/noble-updates,noble-security 10.02.1~dfsg1-0ubuntu7.8 amd64 [upgradable from: 10.02.1~dfsg1-0ubuntu7.7]
libgtk-4-1/noble-updates 4.14.5+ds-0ubuntu0.5 amd64 [upgradable from: 4.14.5+ds-0ubuntu0.4]
libgtk-4-bin/noble-updates 4.14.5+ds-0ubuntu0.5 amd64 [upgradable from: 4.14.5+ds-0ubuntu0.4]
libgtk-4-common/noble-updates 4.14.5+ds-0ubuntu0.5 all [upgradable from: 4.14.5+ds-0ubuntu0.4]
libgtk-4-media-gstreamer/noble-updates 4.14.5+ds-0ubuntu0.5 amd64 [upgradable from: 4.14.5+ds-0ubuntu0.4]
libipa-hbac0t64/noble-updates 2.9.4-1.1ubuntu6.3 amd64 [upgradable from: 2.9.4-1.1ubuntu6.2]
libldb2/noble-updates 2:2.8.0+samba4.19.5+dfsg-4ubuntu9.3 amd64 [upgradable from: 2:2.8.0+samba4.19.5+dfsg-4ubuntu9.2]
libmalcontent-0-0/noble-updates 0.11.1-1ubuntu1.2 amd64 [upgradable from: 0.11.1-1ubuntu1.1]
libnm0/noble-updates 1.46.0-1ubuntu2.3 amd64 [upgradable from: 1.46.0-1ubuntu2.2]
libnss-sss/noble-updates 2.9.4-1.1ubuntu6.3 amd64 [upgradable from: 2.9.4-1.1ubuntu6.2]
libpam-modules-bin/noble-updates,noble-security 1.5.3-5ubuntu5.5 amd64 [upgradable from: 1.5.3-5ubuntu5.4]
libpam-modules/noble-updates,noble-security 1.5.3-5ubuntu5.5 amd64 [upgradable from: 1.5.3-5ubuntu5.4]
libpam-runtime/noble-updates,noble-security 1.5.3-5ubuntu5.5 all [upgradable from: 1.5.3-5ubuntu5.4]
libpam-sss/noble-updates 2.9.4-1.1ubuntu6.3 amd64 [upgradable from: 2.9.4-1.1ubuntu6.2]
libpam0g/noble-updates,noble-security 1.5.3-5ubuntu5.5 amd64 [upgradable from: 1.5.3-5ubuntu5.4]
libpoppler-cpp0t64/noble-updates,noble-security 24.02.0-1ubuntu9.7 amd64 [upgradable from: 24.02.0-1ubuntu9.6]
libpoppler-glib8t64/noble-updates,noble-security 24.02.0-1ubuntu9.7 amd64 [upgradable from: 24.02.0-1ubuntu9.6]
libpoppler134/noble-updates,noble-security 24.02.0-1ubuntu9.7 amd64 [upgradable from: 24.02.0-1ubuntu9.6]
libsmbclient0/noble-updates 2:4.19.5+dfsg-4ubuntu9.3 amd64 [upgradable from: 2:4.19.5+dfsg-4ubuntu9.2]
libssl3t64/noble-updates,noble-security 3.0.13-0ubuntu3.6 amd64 [upgradable from: 3.0.13-0ubuntu3.5]
libsss-certmap0/noble-updates 2.9.4-1.1ubuntu6.3 amd64 [upgradable from: 2.9.4-1.1ubuntu6.2]
libsss-idmap0/noble-updates 2.9.4-1.1ubuntu6.3 amd64 [upgradable from: 2.9.4-1.1ubuntu6.2]
libsss-nss-idmap0/noble-updates 2.9.4-1.1ubuntu6.3 amd64 [upgradable from: 2.9.4-1.1ubuntu6.2]
libtiff6/noble-updates,noble-security 4.5.1+git230720-4ubuntu2.4 amd64 [upgradable from: 4.5.1+git230720-4ubuntu2.3]
libwbclient0/noble-updates 2:4.19.5+dfsg-4ubuntu9.3 amd64 [upgradable from: 2:4.19.5+dfsg-4ubuntu9.2]
libxatracker2/noble-updates 25.0.7-0ubuntu0.24.04.2 amd64 [upgradable from: 25.0.7-0ubuntu0.24.04.1]
linux-generic-hwe-24.04/noble-updates,noble-security 6.14.0-33.33~24.04.1 amd64 [upgradable from: 6.14.0-29.29~24.04.1]
linux-headers-generic-hwe-24.04/noble-updates,noble-security 6.14.0-33.33~24.04.1 amd64 [upgradable from: 6.14.0-29.29~24.04.1]
linux-image-generic-hwe-24.04/noble-updates,noble-security 6.14.0-33.33~24.04.1 amd64 [upgradable from: 6.14.0-29.29~24.04.1]
linux-libc-dev/noble-updates,noble-security 6.8.0-85.85 amd64 [upgradable from: 6.8.0-83.83]
linux-tools-common/noble-updates,noble-security 6.8.0-85.85 all [upgradable from: 6.8.0-83.83]
locales/noble-updates,noble-security 2.39-0ubuntu8.6 all [upgradable from: 2.39-0ubuntu8.5]
mesa-libgallium/noble-updates 25.0.7-0ubuntu0.24.04.2 amd64 [upgradable from: 25.0.7-0ubuntu0.24.04.1]
mesa-vulkan-drivers/noble-updates 25.0.7-0ubuntu0.24.04.2 amd64 [upgradable from: 25.0.7-0ubuntu0.24.04.1]
network-manager-config-connectivity-ubuntu/noble-updates 1.46.0-1ubuntu2.3 all [upgradable from: 1.46.0-1ubuntu2.2]
network-manager/noble-updates 1.46.0-1ubuntu2.3 amd64 [upgradable from: 1.46.0-1ubuntu2.2]
openssh-client/noble-updates 1:9.6p1-3ubuntu13.14 amd64 [upgradable from: 1:9.6p1-3ubuntu13.13]
openssl/noble-updates,noble-security 3.0.13-0ubuntu3.6 amd64 [upgradable from: 3.0.13-0ubuntu3.5]
openvpn/noble-updates 2.6.14-0ubuntu0.24.04.2 amd64 [upgradable from: 2.6.14-0ubuntu0.24.04.1]
poppler-utils/noble-updates,noble-security 24.02.0-1ubuntu9.7 amd64 [upgradable from: 24.02.0-1ubuntu9.6]
powermgmt-base/noble-updates 1.37ubuntu0.1 all [upgradable from: 1.37]
python3-software-properties/noble-updates 0.99.49.3 all [upgradable from: 0.99.49.2]
python3-sss/noble-updates 2.9.4-1.1ubuntu6.3 amd64 [upgradable from: 2.9.4-1.1ubuntu6.2]
samba-libs/noble-updates 2:4.19.5+dfsg-4ubuntu9.3 amd64 [upgradable from: 2:4.19.5+dfsg-4ubuntu9.2]
software-properties-common/noble-updates 0.99.49.3 all [upgradable from: 0.99.49.2]
software-properties-gtk/noble-updates 0.99.49.3 all [upgradable from: 0.99.49.2]
sssd-ad-common/noble-updates 2.9.4-1.1ubuntu6.3 amd64 [upgradable from: 2.9.4-1.1ubuntu6.2]
sssd-ad/noble-updates 2.9.4-1.1ubuntu6.3 amd64 [upgradable from: 2.9.4-1.1ubuntu6.2]
sssd-common/noble-updates 2.9.4-1.1ubuntu6.3 amd64 [upgradable from: 2.9.4-1.1ubuntu6.2]
sssd-ipa/noble-updates 2.9.4-1.1ubuntu6.3 amd64 [upgradable from: 2.9.4-1.1ubuntu6.2]
sssd-krb5-common/noble-updates 2.9.4-1.1ubuntu6.3 amd64 [upgradable from: 2.9.4-1.1ubuntu6.2]
sssd-krb5/noble-updates 2.9.4-1.1ubuntu6.3 amd64 [upgradable from: 2.9.4-1.1ubuntu6.2]
sssd-ldap/noble-updates 2.9.4-1.1ubuntu6.3 amd64 [upgradable from: 2.9.4-1.1ubuntu6.2]
sssd-proxy/noble-updates 2.9.4-1.1ubuntu6.3 amd64 [upgradable from: 2.9.4-1.1ubuntu6.2]
sssd/noble-updates 2.9.4-1.1ubuntu6.3 amd64 [upgradable from: 2.9.4-1.1ubuntu6.2]
systemd-hwe-hwdb/noble-updates 255.1.5 all [upgradable from: 255.1.4]
tecla/noble-updates 46.0-1ubuntu0.1 amd64 [upgradable from: 46.0-1build1]
ubuntu-drivers-common/noble-updates 1:0.9.7.6ubuntu3.4 amd64 [upgradable from: 1:0.9.7.6ubuntu3.2]
wpasupplicant/noble-updates 2:2.10-21ubuntu0.3 amd64 [upgradable from: 2:2.10-21ubuntu0.2]
xserver-xorg-video-nouveau/noble-updates 1:1.0.17-2ubuntu0.1 amd64 [upgradable from: 1:1.0.17-2build1]
xserver-xorg-video-vesa/noble-updates 1:2.6.0-1ubuntu0.1 amd64 [upgradable from: 1:2.6.0-1]
admin1@Ubuntu:/home/faith/prac$ sudo apt update
Hit:1 http://ph.archive.ubuntu.com/ubuntu noble InRelease
Hit:2 http://ph.archive.ubuntu.com/ubuntu noble-updates InRelease
Hit:3 http://ph.archive.ubuntu.com/ubuntu noble-backports InRelease
Hit:4 http://security.ubuntu.com/ubuntu noble-security InRelease
Reading package lists... Done
Building dependency tree... Done
Reading state information... Done
94 packages can be upgraded. Run 'apt list --upgradable' to see them.
admin1@Ubuntu:/home/faith/prac$ 

